// Jest Snapshot v1, https://goo.gl/fbAQLP

exports[`My Connected React-Redux MasterContainer should render with given state from Redux store 1`] = `
Object {
  "asFragment": [Function],
  "baseElement": <body>
    <div>
      <div
        class="MuiPaper-root MuiTableContainer-root MuiPaper-elevation1 MuiPaper-rounded"
      >
        <table
          aria-label="simple"
          class="MuiTable-root AppTable-table-2 UserContainer-table-1"
        >
          <thead
            class="MuiTableHead-root"
          >
            <tr
              class="MuiTableRow-root tr-thear MuiTableRow-head"
            >
              <th
                class="MuiTableCell-root MuiTableCell-head id AppTable-tdThead-6 td-thear"
                scope="col"
              >
                id
              </th>
              <th
                class="MuiTableCell-root MuiTableCell-head name AppTable-tdThead-6 td-thear"
                scope="col"
              >
                Name
              </th>
              <th
                class="MuiTableCell-root MuiTableCell-head cardNumber AppTable-tdThead-6 td-thear"
                scope="col"
              >
                cardNumber
              </th>
              <th
                class="MuiTableCell-root MuiTableCell-head cardType AppTable-tdThead-6 td-thear"
                scope="col"
              >
                cardType
              </th>
            </tr>
          </thead>
          <tbody
            class="MuiTableBody-root"
          />
        </table>
      </div>
    </div>
  </body>,
  "container": <div>
    <div
      class="MuiPaper-root MuiTableContainer-root MuiPaper-elevation1 MuiPaper-rounded"
    >
      <table
        aria-label="simple"
        class="MuiTable-root AppTable-table-2 UserContainer-table-1"
      >
        <thead
          class="MuiTableHead-root"
        >
          <tr
            class="MuiTableRow-root tr-thear MuiTableRow-head"
          >
            <th
              class="MuiTableCell-root MuiTableCell-head id AppTable-tdThead-6 td-thear"
              scope="col"
            >
              id
            </th>
            <th
              class="MuiTableCell-root MuiTableCell-head name AppTable-tdThead-6 td-thear"
              scope="col"
            >
              Name
            </th>
            <th
              class="MuiTableCell-root MuiTableCell-head cardNumber AppTable-tdThead-6 td-thear"
              scope="col"
            >
              cardNumber
            </th>
            <th
              class="MuiTableCell-root MuiTableCell-head cardType AppTable-tdThead-6 td-thear"
              scope="col"
            >
              cardType
            </th>
          </tr>
        </thead>
        <tbody
          class="MuiTableBody-root"
        />
      </table>
    </div>
  </div>,
  "debug": [Function],
  "findAllByAltText": [Function],
  "findAllByDisplayValue": [Function],
  "findAllByLabelText": [Function],
  "findAllByPlaceholderText": [Function],
  "findAllByRole": [Function],
  "findAllByTestId": [Function],
  "findAllByText": [Function],
  "findAllByTitle": [Function],
  "findByAltText": [Function],
  "findByDisplayValue": [Function],
  "findByLabelText": [Function],
  "findByPlaceholderText": [Function],
  "findByRole": [Function],
  "findByTestId": [Function],
  "findByText": [Function],
  "findByTitle": [Function],
  "getAllByAltText": [Function],
  "getAllByDisplayValue": [Function],
  "getAllByLabelText": [Function],
  "getAllByPlaceholderText": [Function],
  "getAllByRole": [Function],
  "getAllByTestId": [Function],
  "getAllByText": [Function],
  "getAllByTitle": [Function],
  "getByAltText": [Function],
  "getByDisplayValue": [Function],
  "getByLabelText": [Function],
  "getByPlaceholderText": [Function],
  "getByRole": [Function],
  "getByTestId": [Function],
  "getByText": [Function],
  "getByTitle": [Function],
  "queryAllByAltText": [Function],
  "queryAllByDisplayValue": [Function],
  "queryAllByLabelText": [Function],
  "queryAllByPlaceholderText": [Function],
  "queryAllByRole": [Function],
  "queryAllByTestId": [Function],
  "queryAllByText": [Function],
  "queryAllByTitle": [Function],
  "queryByAltText": [Function],
  "queryByDisplayValue": [Function],
  "queryByLabelText": [Function],
  "queryByPlaceholderText": [Function],
  "queryByRole": [Function],
  "queryByTestId": [Function],
  "queryByText": [Function],
  "queryByTitle": [Function],
  "rerender": [Function],
  "unmount": [Function],
}
`;
