// Jest Snapshot v1, https://goo.gl/fbAQLP

exports[`UserPage render component 1`] = `
<div>
  <div
    class="MuiPaper-root MuiTableContainer-root MuiPaper-elevation1 MuiPaper-rounded"
  >
    <table
      aria-label="simple"
      class="MuiTable-root AppTable-table-2 UserContainer-table-1"
    >
      <thead
        class="MuiTableHead-root"
      >
        <tr
          class="MuiTableRow-root tr-thead MuiTableRow-head"
        >
          <th
            class="MuiTableCell-root MuiTableCell-head id AppTable-tdThead-6 td-thead"
            scope="col"
          >
            id
          </th>
          <th
            class="MuiTableCell-root MuiTableCell-head name AppTable-tdThead-6 td-thead"
            scope="col"
          >
            Name
          </th>
          <th
            class="MuiTableCell-root MuiTableCell-head cardNumber AppTable-tdThead-6 td-thead"
            scope="col"
          >
            cardNumber
          </th>
          <th
            class="MuiTableCell-root MuiTableCell-head cardType AppTable-tdThead-6 td-thead"
            scope="col"
          >
            cardType
          </th>
        </tr>
      </thead>
      <tbody
        class="MuiTableBody-root"
      />
    </table>
  </div>
</div>
`;
